// Jest Snapshot v1, https://goo.gl/fbAQLP

exports[`Typography Snapshot 1`] = `
<p
  aria-describedby={null}
  className="MuiTypography-root makeStyles-defaultFont-1 MuiTypography-body1 MuiTypography-alignCenter"
  onBlur={[Function]}
  onFocus={[Function]}
  onMouseLeave={[Function]}
  onMouseOver={[Function]}
  onTouchEnd={[Function]}
  onTouchStart={[Function]}
  title="Tooltip"
>
  Text to be displayed
</p>
`;
