// Jest Snapshot v1, https://goo.gl/fbAQLP

exports[`RegularCard Snapshot 1`] = `
<div
  className="MuiPaper-root MuiCard-root makeStyles-card-1 MuiPaper-elevation1 MuiPaper-rounded"
>
  <div
    className="MuiCardHeader-root makeStyles-cardHeader-4"
  >
    <div
      className="MuiCardHeader-content"
    >
      <span
        className="MuiTypography-root MuiCardHeader-title makeStyles-cardTitle-5 makeStyles-center-8 MuiTypography-h5 MuiTypography-displayBlock"
      >
        Title
      </span>
      <span
        className="MuiTypography-root MuiCardHeader-subheader makeStyles-cardSubtitle-9 makeStyles-center-8 MuiTypography-body1 MuiTypography-colorTextSecondary MuiTypography-displayBlock"
      >
        Subtitle
      </span>
    </div>
  </div>
  <div
    className="MuiCardContent-root makeStyles-cardContent-10 makeStyles-center-8"
  >
    Card content
  </div>
</div>
`;
