// Jest Snapshot v1, https://goo.gl/fbAQLP

exports[`Render ImageCard snapshot 1`] = `
<div
  className="makeStyles-card-11"
>
  <div
    className="MuiGrid-root MuiGrid-container MuiGrid-justify-content-xs-center"
  >
    <img
      alt="Image card"
      className="makeStyles-image-1 makeStyles-m-3"
      src={
        Object {
          "$$typeof": Symbol(react.memo),
          "compare": null,
          "type": Object {
            "$$typeof": Symbol(react.forward_ref),
            "render": [Function],
          },
        }
      }
    />
  </div>
</div>
`;
