// Jest Snapshot v1, https://goo.gl/fbAQLP

exports[`Tooltip Snapshot 1`] = `
<span
  aria-describedby={null}
  className=""
  onBlur={[Function]}
  onFocus={[Function]}
  onMouseLeave={[Function]}
  onMouseOver={[Function]}
  onTouchEnd={[Function]}
  onTouchStart={[Function]}
  title="Tooltip"
>
  <button
    className="MuiButtonBase-root MuiButton-root MuiButton-text makeStyles-button-1 "
    disabled={false}
    onBlur={[Function]}
    onDragLeave={[Function]}
    onFocus={[Function]}
    onKeyDown={[Function]}
    onKeyUp={[Function]}
    onMouseDown={[Function]}
    onMouseLeave={[Function]}
    onMouseUp={[Function]}
    onTouchEnd={[Function]}
    onTouchMove={[Function]}
    onTouchStart={[Function]}
    tabIndex={0}
    type="button"
  >
    <span
      className="MuiButton-label"
    >
      Hover on me
    </span>
    <span
      className="MuiTouchRipple-root"
    />
  </button>
</span>
`;
