// Jest Snapshot v1, https://goo.gl/fbAQLP

exports[`CustomDialog snapshot 1`] = `
<CustomDialog
  buttonColor="info"
  buttonSize="sm"
  content={
    <div>
      Content
    </div>
  }
  fullWidth={true}
  id="1"
  maxWidth="md"
  onClose={[MockFunction]}
  onYes={[MockFunction]}
  open={true}
  showActions={true}
  textContent="text content"
  textDialogNo="No"
  textDialogYes="Yes"
  title="title"
>
  <WithStyles(ForwardRef(Dialog))
    PaperProps={
      Object {
        "className": "makeStyles-paper-1",
      }
    }
    aria-describedby="1-dialog-yes-no-description"
    aria-labelledby="1-dialog-yes-no-title"
    fullScreen={false}
    fullWidth={true}
    maxWidth="md"
    onClose={[MockFunction]}
    open={true}
  >
    <ForwardRef(Dialog)
      PaperProps={
        Object {
          "className": "makeStyles-paper-1",
        }
      }
      aria-describedby="1-dialog-yes-no-description"
      aria-labelledby="1-dialog-yes-no-title"
      classes={
        Object {
          "container": "MuiDialog-container",
          "paper": "MuiDialog-paper",
          "paperFullScreen": "MuiDialog-paperFullScreen",
          "paperFullWidth": "MuiDialog-paperFullWidth",
          "paperScrollBody": "MuiDialog-paperScrollBody",
          "paperScrollPaper": "MuiDialog-paperScrollPaper",
          "paperWidthFalse": "MuiDialog-paperWidthFalse",
          "paperWidthLg": "MuiDialog-paperWidthLg",
          "paperWidthMd": "MuiDialog-paperWidthMd",
          "paperWidthSm": "MuiDialog-paperWidthSm",
          "paperWidthXl": "MuiDialog-paperWidthXl",
          "paperWidthXs": "MuiDialog-paperWidthXs",
          "root": "MuiDialog-root",
          "scrollBody": "MuiDialog-scrollBody",
          "scrollPaper": "MuiDialog-scrollPaper",
        }
      }
      fullScreen={false}
      fullWidth={true}
      maxWidth="md"
      onClose={[MockFunction]}
      open={true}
    >
      <ForwardRef(Modal)
        BackdropComponent={
          Object {
            "$$typeof": Symbol(react.forward_ref),
            "Naked": Object {
              "$$typeof": Symbol(react.forward_ref),
              "propTypes": Object {
                "children": [Function],
                "className": [Function],
                "classes": [Function],
                "invisible": [Function],
                "open": [Function],
                "transitionDuration": [Function],
              },
              "render": [Function],
            },
            "displayName": "WithStyles(ForwardRef(Backdrop))",
            "options": Object {
              "defaultTheme": Object {
                "breakpoints": Object {
                  "between": [Function],
                  "down": [Function],
                  "keys": Array [
                    "xs",
                    "sm",
                    "md",
                    "lg",
                    "xl",
                  ],
                  "only": [Function],
                  "up": [Function],
                  "values": Object {
                    "lg": 1280,
                    "md": 960,
                    "sm": 600,
                    "xl": 1920,
                    "xs": 0,
                  },
                  "width": [Function],
                },
                "direction": "ltr",
                "mixins": Object {
                  "gutters": [Function],
                  "toolbar": Object {
                    "@media (min-width:0px) and (orientation: landscape)": Object {
                      "minHeight": 48,
                    },
                    "@media (min-width:600px)": Object {
                      "minHeight": 64,
                    },
                    "minHeight": 56,
                  },
                },
                "overrides": Object {},
                "palette": Object {
                  "action": Object {
                    "activatedOpacity": 0.12,
                    "active": "rgba(0, 0, 0, 0.54)",
                    "disabled": "rgba(0, 0, 0, 0.26)",
                    "disabledBackground": "rgba(0, 0, 0, 0.12)",
                    "disabledOpacity": 0.38,
                    "focus": "rgba(0, 0, 0, 0.12)",
                    "focusOpacity": 0.12,
                    "hover": "rgba(0, 0, 0, 0.04)",
                    "hoverOpacity": 0.04,
                    "selected": "rgba(0, 0, 0, 0.08)",
                    "selectedOpacity": 0.08,
                  },
                  "augmentColor": [Function],
                  "background": Object {
                    "default": "#fafafa",
                    "paper": "#fff",
                  },
                  "common": Object {
                    "black": "#000",
                    "white": "#fff",
                  },
                  "contrastThreshold": 3,
                  "divider": "rgba(0, 0, 0, 0.12)",
                  "error": Object {
                    "contrastText": "#fff",
                    "dark": "#d32f2f",
                    "light": "#e57373",
                    "main": "#f44336",
                  },
                  "getContrastText": [Function],
                  "grey": Object {
                    "100": "#f5f5f5",
                    "200": "#eeeeee",
                    "300": "#e0e0e0",
                    "400": "#bdbdbd",
                    "50": "#fafafa",
                    "500": "#9e9e9e",
                    "600": "#757575",
                    "700": "#616161",
                    "800": "#424242",
                    "900": "#212121",
                    "A100": "#d5d5d5",
                    "A200": "#aaaaaa",
                    "A400": "#303030",
                    "A700": "#616161",
                  },
                  "info": Object {
                    "contrastText": "#fff",
                    "dark": "#1976d2",
                    "light": "#64b5f6",
                    "main": "#2196f3",
                  },
                  "primary": Object {
                    "contrastText": "#fff",
                    "dark": "#303f9f",
                    "light": "#7986cb",
                    "main": "#3f51b5",
                  },
                  "secondary": Object {
                    "contrastText": "#fff",
                    "dark": "#c51162",
                    "light": "#ff4081",
                    "main": "#f50057",
                  },
                  "success": Object {
                    "contrastText": "rgba(0, 0, 0, 0.87)",
                    "dark": "#388e3c",
                    "light": "#81c784",
                    "main": "#4caf50",
                  },
                  "text": Object {
                    "disabled": "rgba(0, 0, 0, 0.38)",
                    "hint": "rgba(0, 0, 0, 0.38)",
                    "primary": "rgba(0, 0, 0, 0.87)",
                    "secondary": "rgba(0, 0, 0, 0.54)",
                  },
                  "tonalOffset": 0.2,
                  "type": "light",
                  "warning": Object {
                    "contrastText": "rgba(0, 0, 0, 0.87)",
                    "dark": "#f57c00",
                    "light": "#ffb74d",
                    "main": "#ff9800",
                  },
                },
                "props": Object {},
                "shadows": Array [
                  "none",
                  "0px 2px 1px -1px rgba(0,0,0,0.2),0px 1px 1px 0px rgba(0,0,0,0.14),0px 1px 3px 0px rgba(0,0,0,0.12)",
                  "0px 3px 1px -2px rgba(0,0,0,0.2),0px 2px 2px 0px rgba(0,0,0,0.14),0px 1px 5px 0px rgba(0,0,0,0.12)",
                  "0px 3px 3px -2px rgba(0,0,0,0.2),0px 3px 4px 0px rgba(0,0,0,0.14),0px 1px 8px 0px rgba(0,0,0,0.12)",
                  "0px 2px 4px -1px rgba(0,0,0,0.2),0px 4px 5px 0px rgba(0,0,0,0.14),0px 1px 10px 0px rgba(0,0,0,0.12)",
                  "0px 3px 5px -1px rgba(0,0,0,0.2),0px 5px 8px 0px rgba(0,0,0,0.14),0px 1px 14px 0px rgba(0,0,0,0.12)",
                  "0px 3px 5px -1px rgba(0,0,0,0.2),0px 6px 10px 0px rgba(0,0,0,0.14),0px 1px 18px 0px rgba(0,0,0,0.12)",
                  "0px 4px 5px -2px rgba(0,0,0,0.2),0px 7px 10px 1px rgba(0,0,0,0.14),0px 2px 16px 1px rgba(0,0,0,0.12)",
                  "0px 5px 5px -3px rgba(0,0,0,0.2),0px 8px 10px 1px rgba(0,0,0,0.14),0px 3px 14px 2px rgba(0,0,0,0.12)",
                  "0px 5px 6px -3px rgba(0,0,0,0.2),0px 9px 12px 1px rgba(0,0,0,0.14),0px 3px 16px 2px rgba(0,0,0,0.12)",
                  "0px 6px 6px -3px rgba(0,0,0,0.2),0px 10px 14px 1px rgba(0,0,0,0.14),0px 4px 18px 3px rgba(0,0,0,0.12)",
                  "0px 6px 7px -4px rgba(0,0,0,0.2),0px 11px 15px 1px rgba(0,0,0,0.14),0px 4px 20px 3px rgba(0,0,0,0.12)",
                  "0px 7px 8px -4px rgba(0,0,0,0.2),0px 12px 17px 2px rgba(0,0,0,0.14),0px 5px 22px 4px rgba(0,0,0,0.12)",
                  "0px 7px 8px -4px rgba(0,0,0,0.2),0px 13px 19px 2px rgba(0,0,0,0.14),0px 5px 24px 4px rgba(0,0,0,0.12)",
                  "0px 7px 9px -4px rgba(0,0,0,0.2),0px 14px 21px 2px rgba(0,0,0,0.14),0px 5px 26px 4px rgba(0,0,0,0.12)",
                  "0px 8px 9px -5px rgba(0,0,0,0.2),0px 15px 22px 2px rgba(0,0,0,0.14),0px 6px 28px 5px rgba(0,0,0,0.12)",
                  "0px 8px 10px -5px rgba(0,0,0,0.2),0px 16px 24px 2px rgba(0,0,0,0.14),0px 6px 30px 5px rgba(0,0,0,0.12)",
                  "0px 8px 11px -5px rgba(0,0,0,0.2),0px 17px 26px 2px rgba(0,0,0,0.14),0px 6px 32px 5px rgba(0,0,0,0.12)",
                  "0px 9px 11px -5px rgba(0,0,0,0.2),0px 18px 28px 2px rgba(0,0,0,0.14),0px 7px 34px 6px rgba(0,0,0,0.12)",
                  "0px 9px 12px -6px rgba(0,0,0,0.2),0px 19px 29px 2px rgba(0,0,0,0.14),0px 7px 36px 6px rgba(0,0,0,0.12)",
                  "0px 10px 13px -6px rgba(0,0,0,0.2),0px 20px 31px 3px rgba(0,0,0,0.14),0px 8px 38px 7px rgba(0,0,0,0.12)",
                  "0px 10px 13px -6px rgba(0,0,0,0.2),0px 21px 33px 3px rgba(0,0,0,0.14),0px 8px 40px 7px rgba(0,0,0,0.12)",
                  "0px 10px 14px -6px rgba(0,0,0,0.2),0px 22px 35px 3px rgba(0,0,0,0.14),0px 8px 42px 7px rgba(0,0,0,0.12)",
                  "0px 11px 14px -7px rgba(0,0,0,0.2),0px 23px 36px 3px rgba(0,0,0,0.14),0px 9px 44px 8px rgba(0,0,0,0.12)",
                  "0px 11px 15px -7px rgba(0,0,0,0.2),0px 24px 38px 3px rgba(0,0,0,0.14),0px 9px 46px 8px rgba(0,0,0,0.12)",
                ],
                "shape": Object {
                  "borderRadius": 4,
                },
                "spacing": [Function],
                "transitions": Object {
                  "create": [Function],
                  "duration": Object {
                    "complex": 375,
                    "enteringScreen": 225,
                    "leavingScreen": 195,
                    "short": 250,
                    "shorter": 200,
                    "shortest": 150,
                    "standard": 300,
                  },
                  "easing": Object {
                    "easeIn": "cubic-bezier(0.4, 0, 1, 1)",
                    "easeInOut": "cubic-bezier(0.4, 0, 0.2, 1)",
                    "easeOut": "cubic-bezier(0.0, 0, 0.2, 1)",
                    "sharp": "cubic-bezier(0.4, 0, 0.6, 1)",
                  },
                  "getAutoHeightDuration": [Function],
                },
                "typography": Object {
                  "body1": Object {
                    "fontFamily": "\\"Roboto\\", \\"Helvetica\\", \\"Arial\\", sans-serif",
                    "fontSize": "1rem",
                    "fontWeight": 400,
                    "letterSpacing": "0.00938em",
                    "lineHeight": 1.5,
                  },
                  "body2": Object {
                    "fontFamily": "\\"Roboto\\", \\"Helvetica\\", \\"Arial\\", sans-serif",
                    "fontSize": "0.875rem",
                    "fontWeight": 400,
                    "letterSpacing": "0.01071em",
                    "lineHeight": 1.43,
                  },
                  "button": Object {
                    "fontFamily": "\\"Roboto\\", \\"Helvetica\\", \\"Arial\\", sans-serif",
                    "fontSize": "0.875rem",
                    "fontWeight": 500,
                    "letterSpacing": "0.02857em",
                    "lineHeight": 1.75,
                    "textTransform": "uppercase",
                  },
                  "caption": Object {
                    "fontFamily": "\\"Roboto\\", \\"Helvetica\\", \\"Arial\\", sans-serif",
                    "fontSize": "0.75rem",
                    "fontWeight": 400,
                    "letterSpacing": "0.03333em",
                    "lineHeight": 1.66,
                  },
                  "fontFamily": "\\"Roboto\\", \\"Helvetica\\", \\"Arial\\", sans-serif",
                  "fontSize": 14,
                  "fontWeightBold": 700,
                  "fontWeightLight": 300,
                  "fontWeightMedium": 500,
                  "fontWeightRegular": 400,
                  "h1": Object {
                    "fontFamily": "\\"Roboto\\", \\"Helvetica\\", \\"Arial\\", sans-serif",
                    "fontSize": "6rem",
                    "fontWeight": 300,
                    "letterSpacing": "-0.01562em",
                    "lineHeight": 1.167,
                  },
                  "h2": Object {
                    "fontFamily": "\\"Roboto\\", \\"Helvetica\\", \\"Arial\\", sans-serif",
                    "fontSize": "3.75rem",
                    "fontWeight": 300,
                    "letterSpacing": "-0.00833em",
                    "lineHeight": 1.2,
                  },
                  "h3": Object {
                    "fontFamily": "\\"Roboto\\", \\"Helvetica\\", \\"Arial\\", sans-serif",
                    "fontSize": "3rem",
                    "fontWeight": 400,
                    "letterSpacing": "0em",
                    "lineHeight": 1.167,
                  },
                  "h4": Object {
                    "fontFamily": "\\"Roboto\\", \\"Helvetica\\", \\"Arial\\", sans-serif",
                    "fontSize": "2.125rem",
                    "fontWeight": 400,
                    "letterSpacing": "0.00735em",
                    "lineHeight": 1.235,
                  },
                  "h5": Object {
                    "fontFamily": "\\"Roboto\\", \\"Helvetica\\", \\"Arial\\", sans-serif",
                    "fontSize": "1.5rem",
                    "fontWeight": 400,
                    "letterSpacing": "0em",
                    "lineHeight": 1.334,
                  },
                  "h6": Object {
                    "fontFamily": "\\"Roboto\\", \\"Helvetica\\", \\"Arial\\", sans-serif",
                    "fontSize": "1.25rem",
                    "fontWeight": 500,
                    "letterSpacing": "0.0075em",
                    "lineHeight": 1.6,
                  },
                  "htmlFontSize": 16,
                  "overline": Object {
                    "fontFamily": "\\"Roboto\\", \\"Helvetica\\", \\"Arial\\", sans-serif",
                    "fontSize": "0.75rem",
                    "fontWeight": 400,
                    "letterSpacing": "0.08333em",
                    "lineHeight": 2.66,
                    "textTransform": "uppercase",
                  },
                  "pxToRem": [Function],
                  "round": [Function],
                  "subtitle1": Object {
                    "fontFamily": "\\"Roboto\\", \\"Helvetica\\", \\"Arial\\", sans-serif",
                    "fontSize": "1rem",
                    "fontWeight": 400,
                    "letterSpacing": "0.00938em",
                    "lineHeight": 1.75,
                  },
                  "subtitle2": Object {
                    "fontFamily": "\\"Roboto\\", \\"Helvetica\\", \\"Arial\\", sans-serif",
                    "fontSize": "0.875rem",
                    "fontWeight": 500,
                    "letterSpacing": "0.00714em",
                    "lineHeight": 1.57,
                  },
                },
                "zIndex": Object {
                  "appBar": 1100,
                  "drawer": 1200,
                  "mobileStepper": 1000,
                  "modal": 1300,
                  "snackbar": 1400,
                  "speedDial": 1050,
                  "tooltip": 1500,
                },
              },
              "name": "MuiBackdrop",
            },
            "propTypes": Object {
              "classes": [Function],
              "innerRef": [Function],
            },
            "render": [Function],
            "useStyles": [Function],
          }
        }
        BackdropProps={
          Object {
            "transitionDuration": Object {
              "enter": 225,
              "exit": 195,
            },
          }
        }
        className="MuiDialog-root"
        closeAfterTransition={true}
        disableBackdropClick={false}
        disableEscapeKeyDown={false}
        onClose={[MockFunction]}
        open={true}
      >
        <ForwardRef(Portal)
          disablePortal={false}
        >
          <Portal
            containerInfo={
              <body
                style="padding-right: 0px; overflow: hidden;"
              >
                <div
                  class="MuiDialog-root"
                  role="presentation"
                  style="position: fixed; z-index: 1300; right: 0px; bottom: 0px; top: 0px; left: 0px;"
                >
                  <div
                    aria-hidden="true"
                    class="MuiBackdrop-root"
                    style="opacity: 1; webkit-transition: opacity 225ms cubic-bezier(0.4, 0, 0.2, 1) 0ms; transition: opacity 225ms cubic-bezier(0.4, 0, 0.2, 1) 0ms;"
                  />
                  <div
                    data-test="sentinelStart"
                    tabindex="0"
                  />
                  <div
                    class="MuiDialog-container MuiDialog-scrollPaper"
                    role="none presentation"
                    style="opacity: 1; webkit-transition: opacity 225ms cubic-bezier(0.4, 0, 0.2, 1) 0ms; transition: opacity 225ms cubic-bezier(0.4, 0, 0.2, 1) 0ms;"
                    tabindex="-1"
                  >
                    <div
                      aria-describedby="1-dialog-yes-no-description"
                      aria-labelledby="1-dialog-yes-no-title"
                      class="MuiPaper-root MuiDialog-paper MuiDialog-paperScrollPaper MuiDialog-paperWidthMd makeStyles-paper-1 MuiDialog-paperFullWidth MuiPaper-elevation24 MuiPaper-rounded"
                      role="dialog"
                    >
                      <div
                        class="MuiDialogTitle-root makeStyles-text-4"
                        id="1-dialog-yes-no-title"
                      >
                        <h2
                          class="MuiTypography-root MuiTypography-h6"
                        >
                          title
                        </h2>
                      </div>
                      <div
                        class="MuiDialogContent-root makeStyles-content-5 undefined"
                      >
                        <div
                          class="MuiGrid-root MuiGrid-item MuiGrid-grid-lg-12"
                        >
                          <p
                            class="MuiTypography-root MuiDialogContentText-root MuiTypography-body1 MuiTypography-colorTextSecondary"
                            id="1-dialog-yes-no-description"
                          >
                            text content
                          </p>
                        </div>
                        <div
                          class="MuiGrid-root MuiGrid-item MuiGrid-grid-lg-12"
                        >
                          <div>
                            Content
                          </div>
                        </div>
                        <div
                          class="MuiGrid-root MuiGrid-container MuiGrid-item MuiGrid-align-items-xs-center MuiGrid-justify-xs-flex-end MuiGrid-grid-lg-12"
                        >
                          <button
                            class="MuiButtonBase-root MuiButton-root MuiButton-text makeStyles-button-7 makeStyles-info-11 makeStyles-right-8 makeStyles-sm-31"
                            tabindex="0"
                            type="button"
                          >
                            <span
                              class="MuiButton-label"
                            >
                              Yes
                            </span>
                            <span
                              class="MuiTouchRipple-root"
                            />
                          </button>
                          <button
                            class="MuiButtonBase-root MuiButton-root MuiButton-text makeStyles-button-7 makeStyles-info-11 makeStyles-right-8 makeStyles-sm-31"
                            tabindex="0"
                            type="button"
                          >
                            <span
                              class="MuiButton-label"
                            >
                              No
                            </span>
                            <span
                              class="MuiTouchRipple-root"
                            />
                          </button>
                        </div>
                      </div>
                    </div>
                  </div>
                  <div
                    data-test="sentinelEnd"
                    tabindex="0"
                  />
                </div>
              </body>
            }
          >
            <div
              className="MuiDialog-root"
              onKeyDown={[Function]}
              role="presentation"
              style={
                Object {
                  "bottom": 0,
                  "left": 0,
                  "position": "fixed",
                  "right": 0,
                  "top": 0,
                  "zIndex": 1300,
                }
              }
            >
              <WithStyles(ForwardRef(Backdrop))
                onClick={[Function]}
                open={true}
                transitionDuration={
                  Object {
                    "enter": 225,
                    "exit": 195,
                  }
                }
              >
                <ForwardRef(Backdrop)
                  classes={
                    Object {
                      "invisible": "MuiBackdrop-invisible",
                      "root": "MuiBackdrop-root",
                    }
                  }
                  onClick={[Function]}
                  open={true}
                  transitionDuration={
                    Object {
                      "enter": 225,
                      "exit": 195,
                    }
                  }
                >
                  <ForwardRef(Fade)
                    in={true}
                    onClick={[Function]}
                    timeout={
                      Object {
                        "enter": 225,
                        "exit": 195,
                      }
                    }
                  >
                    <Transition
                      appear={true}
                      enter={true}
                      exit={true}
                      in={true}
                      mountOnEnter={false}
                      onClick={[Function]}
                      onEnter={[Function]}
                      onEntered={[Function]}
                      onEntering={[Function]}
                      onExit={[Function]}
                      onExited={[Function]}
                      onExiting={[Function]}
                      timeout={
                        Object {
                          "enter": 225,
                          "exit": 195,
                        }
                      }
                      unmountOnExit={false}
                    >
                      <div
                        aria-hidden={true}
                        className="MuiBackdrop-root"
                        onClick={[Function]}
                        style={
                          Object {
                            "opacity": 1,
                            "visibility": undefined,
                          }
                        }
                      />
                    </Transition>
                  </ForwardRef(Fade)>
                </ForwardRef(Backdrop)>
              </WithStyles(ForwardRef(Backdrop))>
              <Unstable_TrapFocus
                disableAutoFocus={false}
                disableEnforceFocus={false}
                disableRestoreFocus={false}
                getDoc={[Function]}
                isEnabled={[Function]}
                open={true}
              >
                <div
                  data-test="sentinelStart"
                  tabIndex={0}
                />
                <ForwardRef(Fade)
                  appear={true}
                  in={true}
                  onEnter={[Function]}
                  onExited={[Function]}
                  role="none presentation"
                  tabIndex="-1"
                  timeout={
                    Object {
                      "enter": 225,
                      "exit": 195,
                    }
                  }
                >
                  <Transition
                    appear={true}
                    enter={true}
                    exit={true}
                    in={true}
                    mountOnEnter={false}
                    onEnter={[Function]}
                    onEntered={[Function]}
                    onEntering={[Function]}
                    onExit={[Function]}
                    onExited={[Function]}
                    onExiting={[Function]}
                    role="none presentation"
                    tabIndex="-1"
                    timeout={
                      Object {
                        "enter": 225,
                        "exit": 195,
                      }
                    }
                    unmountOnExit={false}
                  >
                    <div
                      className="MuiDialog-container MuiDialog-scrollPaper"
                      onMouseDown={[Function]}
                      onMouseUp={[Function]}
                      role="none presentation"
                      style={
                        Object {
                          "opacity": 1,
                          "visibility": undefined,
                        }
                      }
                      tabIndex="-1"
                    >
                      <WithStyles(ForwardRef(Paper))
                        aria-describedby="1-dialog-yes-no-description"
                        aria-labelledby="1-dialog-yes-no-title"
                        className="MuiDialog-paper MuiDialog-paperScrollPaper MuiDialog-paperWidthMd makeStyles-paper-1 MuiDialog-paperFullWidth"
                        elevation={24}
                        role="dialog"
                      >
                        <ForwardRef(Paper)
                          aria-describedby="1-dialog-yes-no-description"
                          aria-labelledby="1-dialog-yes-no-title"
                          className="MuiDialog-paper MuiDialog-paperScrollPaper MuiDialog-paperWidthMd makeStyles-paper-1 MuiDialog-paperFullWidth"
                          classes={
                            Object {
                              "elevation0": "MuiPaper-elevation0",
                              "elevation1": "MuiPaper-elevation1",
                              "elevation10": "MuiPaper-elevation10",
                              "elevation11": "MuiPaper-elevation11",
                              "elevation12": "MuiPaper-elevation12",
                              "elevation13": "MuiPaper-elevation13",
                              "elevation14": "MuiPaper-elevation14",
                              "elevation15": "MuiPaper-elevation15",
                              "elevation16": "MuiPaper-elevation16",
                              "elevation17": "MuiPaper-elevation17",
                              "elevation18": "MuiPaper-elevation18",
                              "elevation19": "MuiPaper-elevation19",
                              "elevation2": "MuiPaper-elevation2",
                              "elevation20": "MuiPaper-elevation20",
                              "elevation21": "MuiPaper-elevation21",
                              "elevation22": "MuiPaper-elevation22",
                              "elevation23": "MuiPaper-elevation23",
                              "elevation24": "MuiPaper-elevation24",
                              "elevation3": "MuiPaper-elevation3",
                              "elevation4": "MuiPaper-elevation4",
                              "elevation5": "MuiPaper-elevation5",
                              "elevation6": "MuiPaper-elevation6",
                              "elevation7": "MuiPaper-elevation7",
                              "elevation8": "MuiPaper-elevation8",
                              "elevation9": "MuiPaper-elevation9",
                              "outlined": "MuiPaper-outlined",
                              "root": "MuiPaper-root",
                              "rounded": "MuiPaper-rounded",
                            }
                          }
                          elevation={24}
                          role="dialog"
                        >
                          <div
                            aria-describedby="1-dialog-yes-no-description"
                            aria-labelledby="1-dialog-yes-no-title"
                            className="MuiPaper-root MuiDialog-paper MuiDialog-paperScrollPaper MuiDialog-paperWidthMd makeStyles-paper-1 MuiDialog-paperFullWidth MuiPaper-elevation24 MuiPaper-rounded"
                            role="dialog"
                          >
                            <WithStyles(ForwardRef(DialogTitle))
                              className="makeStyles-text-4"
                              id="1-dialog-yes-no-title"
                            >
                              <ForwardRef(DialogTitle)
                                className="makeStyles-text-4"
                                classes={
                                  Object {
                                    "root": "MuiDialogTitle-root",
                                  }
                                }
                                id="1-dialog-yes-no-title"
                              >
                                <div
                                  className="MuiDialogTitle-root makeStyles-text-4"
                                  id="1-dialog-yes-no-title"
                                >
                                  <WithStyles(ForwardRef(Typography))
                                    component="h2"
                                    variant="h6"
                                  >
                                    <ForwardRef(Typography)
                                      classes={
                                        Object {
                                          "alignCenter": "MuiTypography-alignCenter",
                                          "alignJustify": "MuiTypography-alignJustify",
                                          "alignLeft": "MuiTypography-alignLeft",
                                          "alignRight": "MuiTypography-alignRight",
                                          "body1": "MuiTypography-body1",
                                          "body2": "MuiTypography-body2",
                                          "button": "MuiTypography-button",
                                          "caption": "MuiTypography-caption",
                                          "colorError": "MuiTypography-colorError",
                                          "colorInherit": "MuiTypography-colorInherit",
                                          "colorPrimary": "MuiTypography-colorPrimary",
                                          "colorSecondary": "MuiTypography-colorSecondary",
                                          "colorTextPrimary": "MuiTypography-colorTextPrimary",
                                          "colorTextSecondary": "MuiTypography-colorTextSecondary",
                                          "displayBlock": "MuiTypography-displayBlock",
                                          "displayInline": "MuiTypography-displayInline",
                                          "gutterBottom": "MuiTypography-gutterBottom",
                                          "h1": "MuiTypography-h1",
                                          "h2": "MuiTypography-h2",
                                          "h3": "MuiTypography-h3",
                                          "h4": "MuiTypography-h4",
                                          "h5": "MuiTypography-h5",
                                          "h6": "MuiTypography-h6",
                                          "noWrap": "MuiTypography-noWrap",
                                          "overline": "MuiTypography-overline",
                                          "paragraph": "MuiTypography-paragraph",
                                          "root": "MuiTypography-root",
                                          "srOnly": "MuiTypography-srOnly",
                                          "subtitle1": "MuiTypography-subtitle1",
                                          "subtitle2": "MuiTypography-subtitle2",
                                        }
                                      }
                                      component="h2"
                                      variant="h6"
                                    >
                                      <h2
                                        className="MuiTypography-root MuiTypography-h6"
                                      >
                                        title
                                      </h2>
                                    </ForwardRef(Typography)>
                                  </WithStyles(ForwardRef(Typography))>
                                </div>
                              </ForwardRef(DialogTitle)>
                            </WithStyles(ForwardRef(DialogTitle))>
                            <WithStyles(ForwardRef(DialogContent))
                              className="makeStyles-content-5 undefined"
                            >
                              <ForwardRef(DialogContent)
                                className="makeStyles-content-5 undefined"
                                classes={
                                  Object {
                                    "dividers": "MuiDialogContent-dividers",
                                    "root": "MuiDialogContent-root",
                                  }
                                }
                              >
                                <div
                                  className="MuiDialogContent-root makeStyles-content-5 undefined"
                                >
                                  <WithStyles(ForwardRef(Grid))
                                    item={true}
                                    lg={12}
                                  >
                                    <ForwardRef(Grid)
                                      classes={
                                        Object {
                                          "align-content-xs-center": "MuiGrid-align-content-xs-center",
                                          "align-content-xs-flex-end": "MuiGrid-align-content-xs-flex-end",
                                          "align-content-xs-flex-start": "MuiGrid-align-content-xs-flex-start",
                                          "align-content-xs-space-around": "MuiGrid-align-content-xs-space-around",
                                          "align-content-xs-space-between": "MuiGrid-align-content-xs-space-between",
                                          "align-items-xs-baseline": "MuiGrid-align-items-xs-baseline",
                                          "align-items-xs-center": "MuiGrid-align-items-xs-center",
                                          "align-items-xs-flex-end": "MuiGrid-align-items-xs-flex-end",
                                          "align-items-xs-flex-start": "MuiGrid-align-items-xs-flex-start",
                                          "container": "MuiGrid-container",
                                          "direction-xs-column": "MuiGrid-direction-xs-column",
                                          "direction-xs-column-reverse": "MuiGrid-direction-xs-column-reverse",
                                          "direction-xs-row-reverse": "MuiGrid-direction-xs-row-reverse",
                                          "grid-lg-1": "MuiGrid-grid-lg-1",
                                          "grid-lg-10": "MuiGrid-grid-lg-10",
                                          "grid-lg-11": "MuiGrid-grid-lg-11",
                                          "grid-lg-12": "MuiGrid-grid-lg-12",
                                          "grid-lg-2": "MuiGrid-grid-lg-2",
                                          "grid-lg-3": "MuiGrid-grid-lg-3",
                                          "grid-lg-4": "MuiGrid-grid-lg-4",
                                          "grid-lg-5": "MuiGrid-grid-lg-5",
                                          "grid-lg-6": "MuiGrid-grid-lg-6",
                                          "grid-lg-7": "MuiGrid-grid-lg-7",
                                          "grid-lg-8": "MuiGrid-grid-lg-8",
                                          "grid-lg-9": "MuiGrid-grid-lg-9",
                                          "grid-lg-auto": "MuiGrid-grid-lg-auto",
                                          "grid-lg-true": "MuiGrid-grid-lg-true",
                                          "grid-md-1": "MuiGrid-grid-md-1",
                                          "grid-md-10": "MuiGrid-grid-md-10",
                                          "grid-md-11": "MuiGrid-grid-md-11",
                                          "grid-md-12": "MuiGrid-grid-md-12",
                                          "grid-md-2": "MuiGrid-grid-md-2",
                                          "grid-md-3": "MuiGrid-grid-md-3",
                                          "grid-md-4": "MuiGrid-grid-md-4",
                                          "grid-md-5": "MuiGrid-grid-md-5",
                                          "grid-md-6": "MuiGrid-grid-md-6",
                                          "grid-md-7": "MuiGrid-grid-md-7",
                                          "grid-md-8": "MuiGrid-grid-md-8",
                                          "grid-md-9": "MuiGrid-grid-md-9",
                                          "grid-md-auto": "MuiGrid-grid-md-auto",
                                          "grid-md-true": "MuiGrid-grid-md-true",
                                          "grid-sm-1": "MuiGrid-grid-sm-1",
                                          "grid-sm-10": "MuiGrid-grid-sm-10",
                                          "grid-sm-11": "MuiGrid-grid-sm-11",
                                          "grid-sm-12": "MuiGrid-grid-sm-12",
                                          "grid-sm-2": "MuiGrid-grid-sm-2",
                                          "grid-sm-3": "MuiGrid-grid-sm-3",
                                          "grid-sm-4": "MuiGrid-grid-sm-4",
                                          "grid-sm-5": "MuiGrid-grid-sm-5",
                                          "grid-sm-6": "MuiGrid-grid-sm-6",
                                          "grid-sm-7": "MuiGrid-grid-sm-7",
                                          "grid-sm-8": "MuiGrid-grid-sm-8",
                                          "grid-sm-9": "MuiGrid-grid-sm-9",
                                          "grid-sm-auto": "MuiGrid-grid-sm-auto",
                                          "grid-sm-true": "MuiGrid-grid-sm-true",
                                          "grid-xl-1": "MuiGrid-grid-xl-1",
                                          "grid-xl-10": "MuiGrid-grid-xl-10",
                                          "grid-xl-11": "MuiGrid-grid-xl-11",
                                          "grid-xl-12": "MuiGrid-grid-xl-12",
                                          "grid-xl-2": "MuiGrid-grid-xl-2",
                                          "grid-xl-3": "MuiGrid-grid-xl-3",
                                          "grid-xl-4": "MuiGrid-grid-xl-4",
                                          "grid-xl-5": "MuiGrid-grid-xl-5",
                                          "grid-xl-6": "MuiGrid-grid-xl-6",
                                          "grid-xl-7": "MuiGrid-grid-xl-7",
                                          "grid-xl-8": "MuiGrid-grid-xl-8",
                                          "grid-xl-9": "MuiGrid-grid-xl-9",
                                          "grid-xl-auto": "MuiGrid-grid-xl-auto",
                                          "grid-xl-true": "MuiGrid-grid-xl-true",
                                          "grid-xs-1": "MuiGrid-grid-xs-1",
                                          "grid-xs-10": "MuiGrid-grid-xs-10",
                                          "grid-xs-11": "MuiGrid-grid-xs-11",
                                          "grid-xs-12": "MuiGrid-grid-xs-12",
                                          "grid-xs-2": "MuiGrid-grid-xs-2",
                                          "grid-xs-3": "MuiGrid-grid-xs-3",
                                          "grid-xs-4": "MuiGrid-grid-xs-4",
                                          "grid-xs-5": "MuiGrid-grid-xs-5",
                                          "grid-xs-6": "MuiGrid-grid-xs-6",
                                          "grid-xs-7": "MuiGrid-grid-xs-7",
                                          "grid-xs-8": "MuiGrid-grid-xs-8",
                                          "grid-xs-9": "MuiGrid-grid-xs-9",
                                          "grid-xs-auto": "MuiGrid-grid-xs-auto",
                                          "grid-xs-true": "MuiGrid-grid-xs-true",
                                          "item": "MuiGrid-item",
                                          "justify-xs-center": "MuiGrid-justify-xs-center",
                                          "justify-xs-flex-end": "MuiGrid-justify-xs-flex-end",
                                          "justify-xs-space-around": "MuiGrid-justify-xs-space-around",
                                          "justify-xs-space-between": "MuiGrid-justify-xs-space-between",
                                          "justify-xs-space-evenly": "MuiGrid-justify-xs-space-evenly",
                                          "root": "MuiGrid-root",
                                          "spacing-xs-1": "MuiGrid-spacing-xs-1",
                                          "spacing-xs-10": "MuiGrid-spacing-xs-10",
                                          "spacing-xs-2": "MuiGrid-spacing-xs-2",
                                          "spacing-xs-3": "MuiGrid-spacing-xs-3",
                                          "spacing-xs-4": "MuiGrid-spacing-xs-4",
                                          "spacing-xs-5": "MuiGrid-spacing-xs-5",
                                          "spacing-xs-6": "MuiGrid-spacing-xs-6",
                                          "spacing-xs-7": "MuiGrid-spacing-xs-7",
                                          "spacing-xs-8": "MuiGrid-spacing-xs-8",
                                          "spacing-xs-9": "MuiGrid-spacing-xs-9",
                                          "wrap-xs-nowrap": "MuiGrid-wrap-xs-nowrap",
                                          "wrap-xs-wrap-reverse": "MuiGrid-wrap-xs-wrap-reverse",
                                          "zeroMinWidth": "MuiGrid-zeroMinWidth",
                                        }
                                      }
                                      item={true}
                                      lg={12}
                                    >
                                      <div
                                        className="MuiGrid-root MuiGrid-item MuiGrid-grid-lg-12"
                                      >
                                        <WithStyles(ForwardRef(DialogContentText))
                                          id="1-dialog-yes-no-description"
                                        >
                                          <ForwardRef(DialogContentText)
                                            classes={
                                              Object {
                                                "root": "MuiDialogContentText-root",
                                              }
                                            }
                                            id="1-dialog-yes-no-description"
                                          >
                                            <WithStyles(ForwardRef(Typography))
                                              classes={
                                                Object {
                                                  "root": "MuiDialogContentText-root",
                                                }
                                              }
                                              color="textSecondary"
                                              component="p"
                                              id="1-dialog-yes-no-description"
                                              variant="body1"
                                            >
                                              <ForwardRef(Typography)
                                                classes={
                                                  Object {
                                                    "alignCenter": "MuiTypography-alignCenter",
                                                    "alignJustify": "MuiTypography-alignJustify",
                                                    "alignLeft": "MuiTypography-alignLeft",
                                                    "alignRight": "MuiTypography-alignRight",
                                                    "body1": "MuiTypography-body1",
                                                    "body2": "MuiTypography-body2",
                                                    "button": "MuiTypography-button",
                                                    "caption": "MuiTypography-caption",
                                                    "colorError": "MuiTypography-colorError",
                                                    "colorInherit": "MuiTypography-colorInherit",
                                                    "colorPrimary": "MuiTypography-colorPrimary",
                                                    "colorSecondary": "MuiTypography-colorSecondary",
                                                    "colorTextPrimary": "MuiTypography-colorTextPrimary",
                                                    "colorTextSecondary": "MuiTypography-colorTextSecondary",
                                                    "displayBlock": "MuiTypography-displayBlock",
                                                    "displayInline": "MuiTypography-displayInline",
                                                    "gutterBottom": "MuiTypography-gutterBottom",
                                                    "h1": "MuiTypography-h1",
                                                    "h2": "MuiTypography-h2",
                                                    "h3": "MuiTypography-h3",
                                                    "h4": "MuiTypography-h4",
                                                    "h5": "MuiTypography-h5",
                                                    "h6": "MuiTypography-h6",
                                                    "noWrap": "MuiTypography-noWrap",
                                                    "overline": "MuiTypography-overline",
                                                    "paragraph": "MuiTypography-paragraph",
                                                    "root": "MuiTypography-root MuiDialogContentText-root",
                                                    "srOnly": "MuiTypography-srOnly",
                                                    "subtitle1": "MuiTypography-subtitle1",
                                                    "subtitle2": "MuiTypography-subtitle2",
                                                  }
                                                }
                                                color="textSecondary"
                                                component="p"
                                                id="1-dialog-yes-no-description"
                                                variant="body1"
                                              >
                                                <p
                                                  className="MuiTypography-root MuiDialogContentText-root MuiTypography-body1 MuiTypography-colorTextSecondary"
                                                  id="1-dialog-yes-no-description"
                                                >
                                                  text content
                                                </p>
                                              </ForwardRef(Typography)>
                                            </WithStyles(ForwardRef(Typography))>
                                          </ForwardRef(DialogContentText)>
                                        </WithStyles(ForwardRef(DialogContentText))>
                                      </div>
                                    </ForwardRef(Grid)>
                                  </WithStyles(ForwardRef(Grid))>
                                  <WithStyles(ForwardRef(Grid))
                                    item={true}
                                    lg={12}
                                  >
                                    <ForwardRef(Grid)
                                      classes={
                                        Object {
                                          "align-content-xs-center": "MuiGrid-align-content-xs-center",
                                          "align-content-xs-flex-end": "MuiGrid-align-content-xs-flex-end",
                                          "align-content-xs-flex-start": "MuiGrid-align-content-xs-flex-start",
                                          "align-content-xs-space-around": "MuiGrid-align-content-xs-space-around",
                                          "align-content-xs-space-between": "MuiGrid-align-content-xs-space-between",
                                          "align-items-xs-baseline": "MuiGrid-align-items-xs-baseline",
                                          "align-items-xs-center": "MuiGrid-align-items-xs-center",
                                          "align-items-xs-flex-end": "MuiGrid-align-items-xs-flex-end",
                                          "align-items-xs-flex-start": "MuiGrid-align-items-xs-flex-start",
                                          "container": "MuiGrid-container",
                                          "direction-xs-column": "MuiGrid-direction-xs-column",
                                          "direction-xs-column-reverse": "MuiGrid-direction-xs-column-reverse",
                                          "direction-xs-row-reverse": "MuiGrid-direction-xs-row-reverse",
                                          "grid-lg-1": "MuiGrid-grid-lg-1",
                                          "grid-lg-10": "MuiGrid-grid-lg-10",
                                          "grid-lg-11": "MuiGrid-grid-lg-11",
                                          "grid-lg-12": "MuiGrid-grid-lg-12",
                                          "grid-lg-2": "MuiGrid-grid-lg-2",
                                          "grid-lg-3": "MuiGrid-grid-lg-3",
                                          "grid-lg-4": "MuiGrid-grid-lg-4",
                                          "grid-lg-5": "MuiGrid-grid-lg-5",
                                          "grid-lg-6": "MuiGrid-grid-lg-6",
                                          "grid-lg-7": "MuiGrid-grid-lg-7",
                                          "grid-lg-8": "MuiGrid-grid-lg-8",
                                          "grid-lg-9": "MuiGrid-grid-lg-9",
                                          "grid-lg-auto": "MuiGrid-grid-lg-auto",
                                          "grid-lg-true": "MuiGrid-grid-lg-true",
                                          "grid-md-1": "MuiGrid-grid-md-1",
                                          "grid-md-10": "MuiGrid-grid-md-10",
                                          "grid-md-11": "MuiGrid-grid-md-11",
                                          "grid-md-12": "MuiGrid-grid-md-12",
                                          "grid-md-2": "MuiGrid-grid-md-2",
                                          "grid-md-3": "MuiGrid-grid-md-3",
                                          "grid-md-4": "MuiGrid-grid-md-4",
                                          "grid-md-5": "MuiGrid-grid-md-5",
                                          "grid-md-6": "MuiGrid-grid-md-6",
                                          "grid-md-7": "MuiGrid-grid-md-7",
                                          "grid-md-8": "MuiGrid-grid-md-8",
                                          "grid-md-9": "MuiGrid-grid-md-9",
                                          "grid-md-auto": "MuiGrid-grid-md-auto",
                                          "grid-md-true": "MuiGrid-grid-md-true",
                                          "grid-sm-1": "MuiGrid-grid-sm-1",
                                          "grid-sm-10": "MuiGrid-grid-sm-10",
                                          "grid-sm-11": "MuiGrid-grid-sm-11",
                                          "grid-sm-12": "MuiGrid-grid-sm-12",
                                          "grid-sm-2": "MuiGrid-grid-sm-2",
                                          "grid-sm-3": "MuiGrid-grid-sm-3",
                                          "grid-sm-4": "MuiGrid-grid-sm-4",
                                          "grid-sm-5": "MuiGrid-grid-sm-5",
                                          "grid-sm-6": "MuiGrid-grid-sm-6",
                                          "grid-sm-7": "MuiGrid-grid-sm-7",
                                          "grid-sm-8": "MuiGrid-grid-sm-8",
                                          "grid-sm-9": "MuiGrid-grid-sm-9",
                                          "grid-sm-auto": "MuiGrid-grid-sm-auto",
                                          "grid-sm-true": "MuiGrid-grid-sm-true",
                                          "grid-xl-1": "MuiGrid-grid-xl-1",
                                          "grid-xl-10": "MuiGrid-grid-xl-10",
                                          "grid-xl-11": "MuiGrid-grid-xl-11",
                                          "grid-xl-12": "MuiGrid-grid-xl-12",
                                          "grid-xl-2": "MuiGrid-grid-xl-2",
                                          "grid-xl-3": "MuiGrid-grid-xl-3",
                                          "grid-xl-4": "MuiGrid-grid-xl-4",
                                          "grid-xl-5": "MuiGrid-grid-xl-5",
                                          "grid-xl-6": "MuiGrid-grid-xl-6",
                                          "grid-xl-7": "MuiGrid-grid-xl-7",
                                          "grid-xl-8": "MuiGrid-grid-xl-8",
                                          "grid-xl-9": "MuiGrid-grid-xl-9",
                                          "grid-xl-auto": "MuiGrid-grid-xl-auto",
                                          "grid-xl-true": "MuiGrid-grid-xl-true",
                                          "grid-xs-1": "MuiGrid-grid-xs-1",
                                          "grid-xs-10": "MuiGrid-grid-xs-10",
                                          "grid-xs-11": "MuiGrid-grid-xs-11",
                                          "grid-xs-12": "MuiGrid-grid-xs-12",
                                          "grid-xs-2": "MuiGrid-grid-xs-2",
                                          "grid-xs-3": "MuiGrid-grid-xs-3",
                                          "grid-xs-4": "MuiGrid-grid-xs-4",
                                          "grid-xs-5": "MuiGrid-grid-xs-5",
                                          "grid-xs-6": "MuiGrid-grid-xs-6",
                                          "grid-xs-7": "MuiGrid-grid-xs-7",
                                          "grid-xs-8": "MuiGrid-grid-xs-8",
                                          "grid-xs-9": "MuiGrid-grid-xs-9",
                                          "grid-xs-auto": "MuiGrid-grid-xs-auto",
                                          "grid-xs-true": "MuiGrid-grid-xs-true",
                                          "item": "MuiGrid-item",
                                          "justify-xs-center": "MuiGrid-justify-xs-center",
                                          "justify-xs-flex-end": "MuiGrid-justify-xs-flex-end",
                                          "justify-xs-space-around": "MuiGrid-justify-xs-space-around",
                                          "justify-xs-space-between": "MuiGrid-justify-xs-space-between",
                                          "justify-xs-space-evenly": "MuiGrid-justify-xs-space-evenly",
                                          "root": "MuiGrid-root",
                                          "spacing-xs-1": "MuiGrid-spacing-xs-1",
                                          "spacing-xs-10": "MuiGrid-spacing-xs-10",
                                          "spacing-xs-2": "MuiGrid-spacing-xs-2",
                                          "spacing-xs-3": "MuiGrid-spacing-xs-3",
                                          "spacing-xs-4": "MuiGrid-spacing-xs-4",
                                          "spacing-xs-5": "MuiGrid-spacing-xs-5",
                                          "spacing-xs-6": "MuiGrid-spacing-xs-6",
                                          "spacing-xs-7": "MuiGrid-spacing-xs-7",
                                          "spacing-xs-8": "MuiGrid-spacing-xs-8",
                                          "spacing-xs-9": "MuiGrid-spacing-xs-9",
                                          "wrap-xs-nowrap": "MuiGrid-wrap-xs-nowrap",
                                          "wrap-xs-wrap-reverse": "MuiGrid-wrap-xs-wrap-reverse",
                                          "zeroMinWidth": "MuiGrid-zeroMinWidth",
                                        }
                                      }
                                      item={true}
                                      lg={12}
                                    >
                                      <div
                                        className="MuiGrid-root MuiGrid-item MuiGrid-grid-lg-12"
                                      >
                                        <div>
                                          Content
                                        </div>
                                      </div>
                                    </ForwardRef(Grid)>
                                  </WithStyles(ForwardRef(Grid))>
                                  <WithStyles(ForwardRef(Grid))
                                    alignItems="center"
                                    container={true}
                                    item={true}
                                    justify="flex-end"
                                    lg={12}
                                  >
                                    <ForwardRef(Grid)
                                      alignItems="center"
                                      classes={
                                        Object {
                                          "align-content-xs-center": "MuiGrid-align-content-xs-center",
                                          "align-content-xs-flex-end": "MuiGrid-align-content-xs-flex-end",
                                          "align-content-xs-flex-start": "MuiGrid-align-content-xs-flex-start",
                                          "align-content-xs-space-around": "MuiGrid-align-content-xs-space-around",
                                          "align-content-xs-space-between": "MuiGrid-align-content-xs-space-between",
                                          "align-items-xs-baseline": "MuiGrid-align-items-xs-baseline",
                                          "align-items-xs-center": "MuiGrid-align-items-xs-center",
                                          "align-items-xs-flex-end": "MuiGrid-align-items-xs-flex-end",
                                          "align-items-xs-flex-start": "MuiGrid-align-items-xs-flex-start",
                                          "container": "MuiGrid-container",
                                          "direction-xs-column": "MuiGrid-direction-xs-column",
                                          "direction-xs-column-reverse": "MuiGrid-direction-xs-column-reverse",
                                          "direction-xs-row-reverse": "MuiGrid-direction-xs-row-reverse",
                                          "grid-lg-1": "MuiGrid-grid-lg-1",
                                          "grid-lg-10": "MuiGrid-grid-lg-10",
                                          "grid-lg-11": "MuiGrid-grid-lg-11",
                                          "grid-lg-12": "MuiGrid-grid-lg-12",
                                          "grid-lg-2": "MuiGrid-grid-lg-2",
                                          "grid-lg-3": "MuiGrid-grid-lg-3",
                                          "grid-lg-4": "MuiGrid-grid-lg-4",
                                          "grid-lg-5": "MuiGrid-grid-lg-5",
                                          "grid-lg-6": "MuiGrid-grid-lg-6",
                                          "grid-lg-7": "MuiGrid-grid-lg-7",
                                          "grid-lg-8": "MuiGrid-grid-lg-8",
                                          "grid-lg-9": "MuiGrid-grid-lg-9",
                                          "grid-lg-auto": "MuiGrid-grid-lg-auto",
                                          "grid-lg-true": "MuiGrid-grid-lg-true",
                                          "grid-md-1": "MuiGrid-grid-md-1",
                                          "grid-md-10": "MuiGrid-grid-md-10",
                                          "grid-md-11": "MuiGrid-grid-md-11",
                                          "grid-md-12": "MuiGrid-grid-md-12",
                                          "grid-md-2": "MuiGrid-grid-md-2",
                                          "grid-md-3": "MuiGrid-grid-md-3",
                                          "grid-md-4": "MuiGrid-grid-md-4",
                                          "grid-md-5": "MuiGrid-grid-md-5",
                                          "grid-md-6": "MuiGrid-grid-md-6",
                                          "grid-md-7": "MuiGrid-grid-md-7",
                                          "grid-md-8": "MuiGrid-grid-md-8",
                                          "grid-md-9": "MuiGrid-grid-md-9",
                                          "grid-md-auto": "MuiGrid-grid-md-auto",
                                          "grid-md-true": "MuiGrid-grid-md-true",
                                          "grid-sm-1": "MuiGrid-grid-sm-1",
                                          "grid-sm-10": "MuiGrid-grid-sm-10",
                                          "grid-sm-11": "MuiGrid-grid-sm-11",
                                          "grid-sm-12": "MuiGrid-grid-sm-12",
                                          "grid-sm-2": "MuiGrid-grid-sm-2",
                                          "grid-sm-3": "MuiGrid-grid-sm-3",
                                          "grid-sm-4": "MuiGrid-grid-sm-4",
                                          "grid-sm-5": "MuiGrid-grid-sm-5",
                                          "grid-sm-6": "MuiGrid-grid-sm-6",
                                          "grid-sm-7": "MuiGrid-grid-sm-7",
                                          "grid-sm-8": "MuiGrid-grid-sm-8",
                                          "grid-sm-9": "MuiGrid-grid-sm-9",
                                          "grid-sm-auto": "MuiGrid-grid-sm-auto",
                                          "grid-sm-true": "MuiGrid-grid-sm-true",
                                          "grid-xl-1": "MuiGrid-grid-xl-1",
                                          "grid-xl-10": "MuiGrid-grid-xl-10",
                                          "grid-xl-11": "MuiGrid-grid-xl-11",
                                          "grid-xl-12": "MuiGrid-grid-xl-12",
                                          "grid-xl-2": "MuiGrid-grid-xl-2",
                                          "grid-xl-3": "MuiGrid-grid-xl-3",
                                          "grid-xl-4": "MuiGrid-grid-xl-4",
                                          "grid-xl-5": "MuiGrid-grid-xl-5",
                                          "grid-xl-6": "MuiGrid-grid-xl-6",
                                          "grid-xl-7": "MuiGrid-grid-xl-7",
                                          "grid-xl-8": "MuiGrid-grid-xl-8",
                                          "grid-xl-9": "MuiGrid-grid-xl-9",
                                          "grid-xl-auto": "MuiGrid-grid-xl-auto",
                                          "grid-xl-true": "MuiGrid-grid-xl-true",
                                          "grid-xs-1": "MuiGrid-grid-xs-1",
                                          "grid-xs-10": "MuiGrid-grid-xs-10",
                                          "grid-xs-11": "MuiGrid-grid-xs-11",
                                          "grid-xs-12": "MuiGrid-grid-xs-12",
                                          "grid-xs-2": "MuiGrid-grid-xs-2",
                                          "grid-xs-3": "MuiGrid-grid-xs-3",
                                          "grid-xs-4": "MuiGrid-grid-xs-4",
                                          "grid-xs-5": "MuiGrid-grid-xs-5",
                                          "grid-xs-6": "MuiGrid-grid-xs-6",
                                          "grid-xs-7": "MuiGrid-grid-xs-7",
                                          "grid-xs-8": "MuiGrid-grid-xs-8",
                                          "grid-xs-9": "MuiGrid-grid-xs-9",
                                          "grid-xs-auto": "MuiGrid-grid-xs-auto",
                                          "grid-xs-true": "MuiGrid-grid-xs-true",
                                          "item": "MuiGrid-item",
                                          "justify-xs-center": "MuiGrid-justify-xs-center",
                                          "justify-xs-flex-end": "MuiGrid-justify-xs-flex-end",
                                          "justify-xs-space-around": "MuiGrid-justify-xs-space-around",
                                          "justify-xs-space-between": "MuiGrid-justify-xs-space-between",
                                          "justify-xs-space-evenly": "MuiGrid-justify-xs-space-evenly",
                                          "root": "MuiGrid-root",
                                          "spacing-xs-1": "MuiGrid-spacing-xs-1",
                                          "spacing-xs-10": "MuiGrid-spacing-xs-10",
                                          "spacing-xs-2": "MuiGrid-spacing-xs-2",
                                          "spacing-xs-3": "MuiGrid-spacing-xs-3",
                                          "spacing-xs-4": "MuiGrid-spacing-xs-4",
                                          "spacing-xs-5": "MuiGrid-spacing-xs-5",
                                          "spacing-xs-6": "MuiGrid-spacing-xs-6",
                                          "spacing-xs-7": "MuiGrid-spacing-xs-7",
                                          "spacing-xs-8": "MuiGrid-spacing-xs-8",
                                          "spacing-xs-9": "MuiGrid-spacing-xs-9",
                                          "wrap-xs-nowrap": "MuiGrid-wrap-xs-nowrap",
                                          "wrap-xs-wrap-reverse": "MuiGrid-wrap-xs-wrap-reverse",
                                          "zeroMinWidth": "MuiGrid-zeroMinWidth",
                                        }
                                      }
                                      container={true}
                                      item={true}
                                      justify="flex-end"
                                      lg={12}
                                    >
                                      <div
                                        className="MuiGrid-root MuiGrid-container MuiGrid-item MuiGrid-align-items-xs-center MuiGrid-justify-xs-flex-end MuiGrid-grid-lg-12"
                                      >
                                        <RegularButton
                                          color="info"
                                          onClick={[MockFunction]}
                                          right={true}
                                          size="sm"
                                        >
                                          <ButtonBase
                                            color="info"
                                            onClick={[MockFunction]}
                                            right={true}
                                            size="sm"
                                          >
                                            <WithStyles(ForwardRef(Button))
                                              className="makeStyles-button-7 makeStyles-info-11 makeStyles-right-8 makeStyles-sm-31"
                                              onClick={[MockFunction]}
                                            >
                                              <ForwardRef(Button)
                                                className="makeStyles-button-7 makeStyles-info-11 makeStyles-right-8 makeStyles-sm-31"
                                                classes={
                                                  Object {
                                                    "colorInherit": "MuiButton-colorInherit",
                                                    "contained": "MuiButton-contained",
                                                    "containedPrimary": "MuiButton-containedPrimary",
                                                    "containedSecondary": "MuiButton-containedSecondary",
                                                    "containedSizeLarge": "MuiButton-containedSizeLarge",
                                                    "containedSizeSmall": "MuiButton-containedSizeSmall",
                                                    "disableElevation": "MuiButton-disableElevation",
                                                    "disabled": "Mui-disabled",
                                                    "endIcon": "MuiButton-endIcon",
                                                    "focusVisible": "Mui-focusVisible",
                                                    "fullWidth": "MuiButton-fullWidth",
                                                    "iconSizeLarge": "MuiButton-iconSizeLarge",
                                                    "iconSizeMedium": "MuiButton-iconSizeMedium",
                                                    "iconSizeSmall": "MuiButton-iconSizeSmall",
                                                    "label": "MuiButton-label",
                                                    "outlined": "MuiButton-outlined",
                                                    "outlinedPrimary": "MuiButton-outlinedPrimary",
                                                    "outlinedSecondary": "MuiButton-outlinedSecondary",
                                                    "outlinedSizeLarge": "MuiButton-outlinedSizeLarge",
                                                    "outlinedSizeSmall": "MuiButton-outlinedSizeSmall",
                                                    "root": "MuiButton-root",
                                                    "sizeLarge": "MuiButton-sizeLarge",
                                                    "sizeSmall": "MuiButton-sizeSmall",
                                                    "startIcon": "MuiButton-startIcon",
                                                    "text": "MuiButton-text",
                                                    "textPrimary": "MuiButton-textPrimary",
                                                    "textSecondary": "MuiButton-textSecondary",
                                                    "textSizeLarge": "MuiButton-textSizeLarge",
                                                    "textSizeSmall": "MuiButton-textSizeSmall",
                                                  }
                                                }
                                                onClick={[MockFunction]}
                                              >
                                                <WithStyles(ForwardRef(ButtonBase))
                                                  className="MuiButton-root MuiButton-text makeStyles-button-7 makeStyles-info-11 makeStyles-right-8 makeStyles-sm-31"
                                                  component="button"
                                                  disabled={false}
                                                  focusRipple={true}
                                                  focusVisibleClassName="Mui-focusVisible"
                                                  onClick={[MockFunction]}
                                                  type="button"
                                                >
                                                  <ForwardRef(ButtonBase)
                                                    className="MuiButton-root MuiButton-text makeStyles-button-7 makeStyles-info-11 makeStyles-right-8 makeStyles-sm-31"
                                                    classes={
                                                      Object {
                                                        "disabled": "Mui-disabled",
                                                        "focusVisible": "Mui-focusVisible",
                                                        "root": "MuiButtonBase-root",
                                                      }
                                                    }
                                                    component="button"
                                                    disabled={false}
                                                    focusRipple={true}
                                                    focusVisibleClassName="Mui-focusVisible"
                                                    onClick={[MockFunction]}
                                                    type="button"
                                                  >
                                                    <button
                                                      className="MuiButtonBase-root MuiButton-root MuiButton-text makeStyles-button-7 makeStyles-info-11 makeStyles-right-8 makeStyles-sm-31"
                                                      disabled={false}
                                                      onBlur={[Function]}
                                                      onClick={[MockFunction]}
                                                      onDragLeave={[Function]}
                                                      onFocus={[Function]}
                                                      onKeyDown={[Function]}
                                                      onKeyUp={[Function]}
                                                      onMouseDown={[Function]}
                                                      onMouseLeave={[Function]}
                                                      onMouseUp={[Function]}
                                                      onTouchEnd={[Function]}
                                                      onTouchMove={[Function]}
                                                      onTouchStart={[Function]}
                                                      tabIndex={0}
                                                      type="button"
                                                    >
                                                      <span
                                                        className="MuiButton-label"
                                                      >
                                                        Yes
                                                      </span>
                                                      <WithStyles(memo)
                                                        center={false}
                                                      >
                                                        <ForwardRef(TouchRipple)
                                                          center={false}
                                                          classes={
                                                            Object {
                                                              "child": "MuiTouchRipple-child",
                                                              "childLeaving": "MuiTouchRipple-childLeaving",
                                                              "childPulsate": "MuiTouchRipple-childPulsate",
                                                              "ripple": "MuiTouchRipple-ripple",
                                                              "ripplePulsate": "MuiTouchRipple-ripplePulsate",
                                                              "rippleVisible": "MuiTouchRipple-rippleVisible",
                                                              "root": "MuiTouchRipple-root",
                                                            }
                                                          }
                                                        >
                                                          <span
                                                            className="MuiTouchRipple-root"
                                                          >
                                                            <TransitionGroup
                                                              childFactory={[Function]}
                                                              component={null}
                                                              exit={true}
                                                            />
                                                          </span>
                                                        </ForwardRef(TouchRipple)>
                                                      </WithStyles(memo)>
                                                    </button>
                                                  </ForwardRef(ButtonBase)>
                                                </WithStyles(ForwardRef(ButtonBase))>
                                              </ForwardRef(Button)>
                                            </WithStyles(ForwardRef(Button))>
                                          </ButtonBase>
                                        </RegularButton>
                                        <RegularButton
                                          color="info"
                                          onClick={[MockFunction]}
                                          right={true}
                                          size="sm"
                                        >
                                          <ButtonBase
                                            color="info"
                                            onClick={[MockFunction]}
                                            right={true}
                                            size="sm"
                                          >
                                            <WithStyles(ForwardRef(Button))
                                              className="makeStyles-button-7 makeStyles-info-11 makeStyles-right-8 makeStyles-sm-31"
                                              onClick={[MockFunction]}
                                            >
                                              <ForwardRef(Button)
                                                className="makeStyles-button-7 makeStyles-info-11 makeStyles-right-8 makeStyles-sm-31"
                                                classes={
                                                  Object {
                                                    "colorInherit": "MuiButton-colorInherit",
                                                    "contained": "MuiButton-contained",
                                                    "containedPrimary": "MuiButton-containedPrimary",
                                                    "containedSecondary": "MuiButton-containedSecondary",
                                                    "containedSizeLarge": "MuiButton-containedSizeLarge",
                                                    "containedSizeSmall": "MuiButton-containedSizeSmall",
                                                    "disableElevation": "MuiButton-disableElevation",
                                                    "disabled": "Mui-disabled",
                                                    "endIcon": "MuiButton-endIcon",
                                                    "focusVisible": "Mui-focusVisible",
                                                    "fullWidth": "MuiButton-fullWidth",
                                                    "iconSizeLarge": "MuiButton-iconSizeLarge",
                                                    "iconSizeMedium": "MuiButton-iconSizeMedium",
                                                    "iconSizeSmall": "MuiButton-iconSizeSmall",
                                                    "label": "MuiButton-label",
                                                    "outlined": "MuiButton-outlined",
                                                    "outlinedPrimary": "MuiButton-outlinedPrimary",
                                                    "outlinedSecondary": "MuiButton-outlinedSecondary",
                                                    "outlinedSizeLarge": "MuiButton-outlinedSizeLarge",
                                                    "outlinedSizeSmall": "MuiButton-outlinedSizeSmall",
                                                    "root": "MuiButton-root",
                                                    "sizeLarge": "MuiButton-sizeLarge",
                                                    "sizeSmall": "MuiButton-sizeSmall",
                                                    "startIcon": "MuiButton-startIcon",
                                                    "text": "MuiButton-text",
                                                    "textPrimary": "MuiButton-textPrimary",
                                                    "textSecondary": "MuiButton-textSecondary",
                                                    "textSizeLarge": "MuiButton-textSizeLarge",
                                                    "textSizeSmall": "MuiButton-textSizeSmall",
                                                  }
                                                }
                                                onClick={[MockFunction]}
                                              >
                                                <WithStyles(ForwardRef(ButtonBase))
                                                  className="MuiButton-root MuiButton-text makeStyles-button-7 makeStyles-info-11 makeStyles-right-8 makeStyles-sm-31"
                                                  component="button"
                                                  disabled={false}
                                                  focusRipple={true}
                                                  focusVisibleClassName="Mui-focusVisible"
                                                  onClick={[MockFunction]}
                                                  type="button"
                                                >
                                                  <ForwardRef(ButtonBase)
                                                    className="MuiButton-root MuiButton-text makeStyles-button-7 makeStyles-info-11 makeStyles-right-8 makeStyles-sm-31"
                                                    classes={
                                                      Object {
                                                        "disabled": "Mui-disabled",
                                                        "focusVisible": "Mui-focusVisible",
                                                        "root": "MuiButtonBase-root",
                                                      }
                                                    }
                                                    component="button"
                                                    disabled={false}
                                                    focusRipple={true}
                                                    focusVisibleClassName="Mui-focusVisible"
                                                    onClick={[MockFunction]}
                                                    type="button"
                                                  >
                                                    <button
                                                      className="MuiButtonBase-root MuiButton-root MuiButton-text makeStyles-button-7 makeStyles-info-11 makeStyles-right-8 makeStyles-sm-31"
                                                      disabled={false}
                                                      onBlur={[Function]}
                                                      onClick={[MockFunction]}
                                                      onDragLeave={[Function]}
                                                      onFocus={[Function]}
                                                      onKeyDown={[Function]}
                                                      onKeyUp={[Function]}
                                                      onMouseDown={[Function]}
                                                      onMouseLeave={[Function]}
                                                      onMouseUp={[Function]}
                                                      onTouchEnd={[Function]}
                                                      onTouchMove={[Function]}
                                                      onTouchStart={[Function]}
                                                      tabIndex={0}
                                                      type="button"
                                                    >
                                                      <span
                                                        className="MuiButton-label"
                                                      >
                                                        No
                                                      </span>
                                                      <WithStyles(memo)
                                                        center={false}
                                                      >
                                                        <ForwardRef(TouchRipple)
                                                          center={false}
                                                          classes={
                                                            Object {
                                                              "child": "MuiTouchRipple-child",
                                                              "childLeaving": "MuiTouchRipple-childLeaving",
                                                              "childPulsate": "MuiTouchRipple-childPulsate",
                                                              "ripple": "MuiTouchRipple-ripple",
                                                              "ripplePulsate": "MuiTouchRipple-ripplePulsate",
                                                              "rippleVisible": "MuiTouchRipple-rippleVisible",
                                                              "root": "MuiTouchRipple-root",
                                                            }
                                                          }
                                                        >
                                                          <span
                                                            className="MuiTouchRipple-root"
                                                          >
                                                            <TransitionGroup
                                                              childFactory={[Function]}
                                                              component={null}
                                                              exit={true}
                                                            />
                                                          </span>
                                                        </ForwardRef(TouchRipple)>
                                                      </WithStyles(memo)>
                                                    </button>
                                                  </ForwardRef(ButtonBase)>
                                                </WithStyles(ForwardRef(ButtonBase))>
                                              </ForwardRef(Button)>
                                            </WithStyles(ForwardRef(Button))>
                                          </ButtonBase>
                                        </RegularButton>
                                      </div>
                                    </ForwardRef(Grid)>
                                  </WithStyles(ForwardRef(Grid))>
                                </div>
                              </ForwardRef(DialogContent)>
                            </WithStyles(ForwardRef(DialogContent))>
                          </div>
                        </ForwardRef(Paper)>
                      </WithStyles(ForwardRef(Paper))>
                    </div>
                  </Transition>
                </ForwardRef(Fade)>
                <div
                  data-test="sentinelEnd"
                  tabIndex={0}
                />
              </Unstable_TrapFocus>
            </div>
          </Portal>
        </ForwardRef(Portal)>
      </ForwardRef(Modal)>
    </ForwardRef(Dialog)>
  </WithStyles(ForwardRef(Dialog))>
</CustomDialog>
`;
